HTTP 200
--- BEGIN GENERATED WORKSHEET ---
## Math Worksheet: Quadratic Equations - Class 10

**Introduction:**

Quadratic equations are polynomial equations of the second degree. They are of the form ax┬▓ + bx + c = 0, where a, b, and c are constants and 'a' is not equal to zero. Understanding quadratic equations is crucial for various applications in mathematics, physics, and engineering. This worksheet will help you practice solving quadratic equations using different methods and applying them to real-world problems. Good luck!

**Instructions:** Attempt all questions to the best of your ability. Show your working clearly.

**Questions:**

**1. (MCQ - 1 mark)** Which of the following is a quadratic equation?
    a) x + 1/x = 2
    b) x┬▓ + 1/x = 2
    c) x┬│ + 2x = 0
    d) x + 2 = 0

**2. (MCQ - 1 mark)** The roots of the equation x┬▓ - 4x + 4 = 0 are:
    a) Real and distinct
    b) Real and equal
    c) Imaginary
    d) Rational and distinct

**3. (Short Answer - 2 marks)** Find the discriminant of the quadratic equation 2x┬▓ - 5x + 3 = 0.

**4. (Short Answer - 2 marks)** If one root of the quadratic equation x┬▓ + kx - 6 = 0 is 2, find the value of k.

**5. (Short Answer - 2 marks)** Solve the following quadratic equation by factorization: x┬▓ - 5x + 6 = 0

**6. (Short Answer - 2 marks)** Solve the following quadratic equation using the quadratic formula: x┬▓ + 4x + 1 = 0

**7. (Short Answer - 3 marks)** Find the nature of the roots of the quadratic equation 3x┬▓ - 4ΓêÜ3x + 4 = 0. Justify your answer.

**8. (Short Answer - 3 marks)** Determine the value(s) of 'p' for which the quadratic equation px┬▓ - 2ΓêÜ5x + 5 = 0 has real and equal roots.

**9. (Long Answer - 5 marks)** A rectangular garden has a length that is 5 meters more than its width. If the area of the garden is 84 square meters, find the dimensions of the garden.  (Form a quadratic equation and solve it.)

**Answers/Marking Guidance:**

**1. (MCQ - 1 mark)**
    a) x + 1/x = 2  (Correct Answer)

**2. (MCQ - 1 mark)**
    b) Real and equal (Correct Answer)

**3. (Short Answer - 2 marks)**
    * Discriminant (D) = b┬▓ - 4ac
    * D = (-5)┬▓ - 4(2)(3)
    * D = 25 - 24 = 1
    * **Answer: 1** (1 mark for formula, 1 mark for correct calculation)

**4. (Short Answer - 2 marks)**
    * Substitute x = 2 in the equation: (2)┬▓ + k(2) - 6 = 0
    * 4 + 2k - 6 = 0
    * 2k = 2
    * k = 1
    * **Answer: k = 1** (1 mark for substitution, 1 mark for correct value of k)

**5. (Short Answer - 2 marks)**
    * x┬▓ - 5x + 6 = 0
    * x┬▓ - 2x - 3x + 6 = 0
    * x(x - 2) - 3(x - 2) = 0
    * (x - 2)(x - 3) = 0
    * x = 2 or x = 3
    * **Answer: x = 2, x = 3** (1 mark for factorization, 1 mark for correct roots)

**6. (Short Answer - 2 marks)**
    * Quadratic Formula: x = (-b ┬▒ ΓêÜ(b┬▓ - 4ac)) / 2a
    * x = (-4 ┬▒ ΓêÜ(4┬▓ - 4(1)(1))) / 2(1)
    * x = (-4 ┬▒ ΓêÜ(16 - 4)) / 2
    * x = (-4 ┬▒ ΓêÜ12) / 2
    * x = (-4 ┬▒ 2ΓêÜ3) / 2
    * x = -2 ┬▒ ΓêÜ3
    * **Answer: x = -2 + ΓêÜ3, x = -2 - ΓêÜ3** (1 mark for applying the formula, 1 mark for correct roots)

**7. (Short Answer - 3 marks)**
    * Discriminant (D) = b┬▓ - 4ac
    * D = (-4ΓêÜ3)┬▓ - 4(3)(4)
    * D = 48 - 48 = 0
    * Since D = 0, the roots are real and equal.
    * **Answer: Real and equal roots because D = 0** (1 mark for calculating D, 1 mark for D=0, 1 mark for conclusion)

**8. (Short Answer - 3 marks)**
    * For real and equal roots, the discriminant (D) must be equal to 0.
    * D = b┬▓ - 4ac = 0
    * (-2ΓêÜ5)┬▓ - 4(p)(5) = 0
    * 20 - 20p = 0
    * 20p = 20
    * p = 1
    * **Answer: p = 1** (1 mark for stating D=0, 1 mark for substitution, 1 mark for correct value of p)

**9. (Long Answer - 5 marks)**
    * Let the width of the garden be 'w' meters.
    * Then, the length is 'w + 5' meters.
    * Area = length * width
    * w(w + 5) = 84
    * w┬▓ + 5w = 84
    * w┬▓ + 5w - 84 = 0  (1 mark for forming the equation)
    * w┬▓ + 12w - 7w - 84 = 0
    * w(w + 12) - 7(w + 12) = 0
    * (w - 7)(w + 12) = 0 (1 mark for factorization)
    * w = 7 or w = -12
    * Since width cannot be negative
--- END GENERATED WORKSHEET ---
